[onceawaken.com/index.html]
[backblue.gif]
[fade.gif]
[index.html]
[onceawaken.com/web/assets/img/once-awakenfav.png]
[onceawaken.com/web/assets/css/bootstrap.min.css]
[onceawaken.com/web/assets/plugins/fontawesome/css/fontawesome.min.css]
[onceawaken.com/web/assets/plugins/daterangepicker/daterangepicker.css]
[onceawaken.com/web/assets/plugins/fontawesome/css/all.min.css]
[onceawaken.com/web/assets/css/feather.css]
[onceawaken.com/web/assets/plugins/select2/css/select2.min.css]
[onceawaken.com/web/assets/plugins/bootstrap-tagsinput/css/bootstrap-tagsinput.css]
[onceawaken.com/dashboard/assets/css/jquery.growl.css]
[unpkg.com/dropzone@5/dist/min/dropzone.min.9.delayed]
[unpkg.com/dropzone@5.9.3/dist/min/dropzone.min.js]
[unpkg.com/dropzone@5/dist/min/dropzone.min.css]
[unpkg.com/dropzone@5.9.3/dist/min/dropzone.min.css]
[onceawaken.com/web/assets/css/owl.carousel.min.css]
[onceawaken.com/web/assets/css/aos.css]
[onceawaken.com/web/assets/css/prescription.css]
[onceawaken.com/web/assets/css/style.css]
[cdnjs.cloudflare.com/ajax/libs/select2/4.0.6-rc.0/css/select2.min.css]
[cdnjs.cloudflare.com/ajax/libs/mustache.js/3.0.1/mustache.min.js]
[onceawaken.com/web/assets/img/logo1.png]
[onceawaken.com/therapist.html]
[onceawaken.com/lms.html]
[onceawaken.com/blogs.html]
[onceawaken.com/about_us.html]
[onceawaken.com/contact_us.html]
[onceawaken.com/login-option.html]
[onceawaken.com/web/assets/img/banner-check.png]
[onceawaken.com/web/assets/img/banner-img.png]
[onceawaken.com/web/assets/img/appoinment-img.png]
[onceawaken.com/search.1d.delayed]
[onceawaken.com/pharmacy-search.html]
[onceawaken.com/web/assets/img/phone-call.png]
[onceawaken.com/web/assets/img/services/features-01.svg]
[onceawaken.com/web/assets/img/services/features-02.svg]
[onceawaken.com/web/assets/img/services/features-03.svg]
[onceawaken.com/web/assets/img/services/features-04.svg]
[onceawaken.com/web/assets/img/blog/news-img.png]
[onceawaken.com/blog-details.html]
[onceawaken.com/web/assets/img/s.jpg]
[onceawaken.com/web/assets/img/r.jpg]
[onceawaken.com/web/assets/img/e.jpg]
[onceawaken.com/web/assets/img/patients/patient1.jpg]
[onceawaken.com/web/assets/img/patients/patient2.jpg]
[onceawaken.com/web/assets/img/patients/patient3.jpg]
[onceawaken.com/web/assets/img/patients/patient4.jpg]
[onceawaken.com/appointments.2d.delayed]
[onceawaken.com/chat.html]
[onceawaken.com/login.html]
[onceawaken.com/doctor-register.html]
[onceawaken.com/doctor-dashboard.html]
[onceawaken.com/term-condition.html]
[onceawaken.com/privacy-policy.html]
[onceawaken.com/cdn-cgi/scripts/5c5dd728/cloudflare-static/email-decode.min.js')}}]
[onceawaken.com/web/assets/js/jquery-3.6.0.min.js]
[onceawaken.com/web/assets/js/bootstrap.bundle.min.js]
[onceawaken.com/web/assets/plugins/theia-sticky-sidebar/ResizeSensor.js]
[onceawaken.com/web/assets/plugins/theia-sticky-sidebar/theia-sticky-sidebar.js]
[onceawaken.com/web/assets/js/owl.carousel.min.js]
[onceawaken.com/web/assets/js/slick.js]
[onceawaken.com/web/assets/js/feather.min.js]
[onceawaken.com/web/assets/plugins/select2/js/select2.min.js]
[onceawaken.com/web/assets/plugins/bootstrap-tagsinput/js/bootstrap-tagsinput.js]
[onceawaken.com/web/assets/js/profile-settings.js]
[onceawaken.com/web/assets/js/moment.min.js]
[onceawaken.com/web/assets/js/bootstrap-datetimepicker.min.js]
[onceawaken.com/dashboard/assets/js/rainbow.js]
[onceawaken.com/dashboard/assets/js/sample.js]
[onceawaken.com/dashboard/assets/js/jquery.growl.js]
[onceawaken.com/web/assets/plugins/fancybox/jquery.fancybox.min.js]
[cdnjs.cloudflare.com/ajax/libs/select2/4.0.6-rc.0/js/select2.min.js]
[onceawaken.com/web/assets/js/aos.js]
[onceawaken.com/web/assets/js/script.js]
[onceawaken.com/web/assets/js/form.js]
[onceawaken.com/web/assets/js/main.js]
[onceawaken.com/index.html]
[onceawaken.com/web/assets/css/bootstrap.min.css]
[onceawaken.com/web/assets/plugins/fontawesome/css/fontawesome.min.css]
[onceawaken.com/web/assets/plugins/fontawesome/webfonts/fa-brands-400.eot]
[onceawaken.com/web/assets/plugins/fontawesome/webfonts/fa-brands-400d41dd41d.eot]
[onceawaken.com/web/assets/plugins/fontawesome/webfonts/fa-brands-400.woff]
[onceawaken.com/web/assets/plugins/fontawesome/webfonts/fa-brands-400.ttf]
[onceawaken.com/web/assets/plugins/fontawesome/webfonts/fa-brands-400.html]
[onceawaken.com/web/assets/plugins/fontawesome/webfonts/fa-regular-400.eot]
[onceawaken.com/web/assets/plugins/fontawesome/webfonts/fa-regular-400d41dd41d.eot]
[onceawaken.com/web/assets/plugins/fontawesome/webfonts/fa-regular-400.html]
[onceawaken.com/web/assets/plugins/fontawesome/webfonts/fa-regular-400.woff]
[onceawaken.com/web/assets/plugins/fontawesome/webfonts/fa-regular-400.ttf]
[onceawaken.com/web/assets/plugins/fontawesome/webfonts/fa-brands-400.svg]
[onceawaken.com/web/assets/plugins/fontawesome/webfonts/fa-solid-900.eot]
[onceawaken.com/web/assets/plugins/fontawesome/webfonts/fa-regular-400.svg]
[onceawaken.com/web/assets/plugins/fontawesome/webfonts/fa-solid-900d41dd41d.eot]
[onceawaken.com/web/assets/plugins/fontawesome/webfonts/fa-solid-900.html]
[onceawaken.com/web/assets/plugins/fontawesome/webfonts/fa-solid-900.woff]
[onceawaken.com/web/assets/plugins/fontawesome/webfonts/fa-solid-900.ttf]
[onceawaken.com/web/assets/plugins/fontawesome/css/all.min.css]
[onceawaken.com/web/assets/plugins/daterangepicker/daterangepicker.css]
[onceawaken.com/web/assets/fonts/Feather144f144f.ttf]
[onceawaken.com/web/assets/fonts/Feather144f144f.woff]
[onceawaken.com/web/assets/plugins/fontawesome/webfonts/fa-solid-900.svg]
[onceawaken.com/web/assets/css/feather.css]
[onceawaken.com/web/assets/plugins/select2/css/select2.min.css]
[onceawaken.com/web/assets/plugins/bootstrap-tagsinput/css/bootstrap-tagsinput.css]
[onceawaken.com/dashboard/assets/css/jquery.growl.css]
[unpkg.com/dropzone@5.9.3/dist/min/dropzone.min.css]
[onceawaken.com/web/assets/fonts/Feather144f144f.svg]
[onceawaken.com/web/assets/css/owl.carousel.min.css]
[onceawaken.com/web/assets/css/aos.css]
[onceawaken.com/web/assets/fonts/MaterialIcons-Regular.eot]
[onceawaken.com/web/assets/fonts/MaterialIcons-Regular.html]
[onceawaken.com/web/assets/fonts/MaterialIcons-Regular.woff]
[onceawaken.com/web/assets/fonts/MaterialIcons-Regular.ttf]
[onceawaken.com/web/assets/img/icons/down-arrow-gray.svg]
[onceawaken.com/web/assets/img/icons/down-arrow-gray-dark.svg]
[onceawaken.com/web/assets/img/icons/search-icon.svg]
[onceawaken.com/web/assets/img/search-bg.png]
[onceawaken.com/web/assets/img/slider-bg.jpg]
[onceawaken.com/web/assets/img/banner-2.jpg]
[onceawaken.com/web/assets/img/location.png]
[onceawaken.com/web/assets/img/search.png]
[onceawaken.com/web/assets/img/google-map.png]
[onceawaken.com/web/assets/img/special-banner.jpg]
[onceawaken.com/web/assets/img/shapes/doctor-bg.jpg]
[onceawaken.com/web/assets/img/shapes/doctor-right-bg.jpg]
[onceawaken.com/web/assets/img/specialist-bg.jpg]
[onceawaken.com/web/assets/img/featured-bg.jpg]
[onceawaken.com/web/assets/img/banner-3.jpg]
[onceawaken.com/web/assets/img/slider/blue-bg.png]
[onceawaken.com/web/assets/img/slider/doctor-bg.jpg]
[onceawaken.com/web/assets/img/slider/patient-bg.jpg]
[onceawaken.com/web/assets/img/slider/feature-img.jpg]
[onceawaken.com/web/assets/img/slider/banner-01.jpg]
[onceawaken.com/web/assets/img/slider/banner-02.jpg]
[onceawaken.com/web/assets/img/about-bg.png]
[onceawaken.com/web/assets/img/features/feature-box-bg.png]
[onceawaken.com/web/assets/img/shapes/shape-9.png]
[onceawaken.com/web/assets/img/shapes/shape-11.png]
[onceawaken.com/web/assets/img/blog/news-bg.png]
[onceawaken.com/web/assets/img/banner-6.jpg]
[onceawaken.com/web/assets/img/doctors/doctor-bg.jpg]
[onceawaken.com/web/assets/img/doctors/doctor-inner-img1.jpg]
[onceawaken.com/web/assets/img/doctors/patient-inner-img1.jpg]
[onceawaken.com/web/assets/img/doctors/best-doctor-bg.jpg]
[onceawaken.com/web/assets/img/banner-5.jpg]
[onceawaken.com/web/assets/img/banner-7.jpg]
[onceawaken.com/web/assets/img/shapes/shape-5.png]
[onceawaken.com/web/assets/img/doctors/doctor-bg1.jpg]
[onceawaken.com/web/assets/img/blog/news-letter-bg.jpg]
[onceawaken.com/web/assets/img/footer-bg5.jpg]
[onceawaken.com/web/assets/css/style.css]
[onceawaken.com/web/assets/css/prescription.css]
[cdnjs.cloudflare.com/ajax/libs/select2/4.0.6-rc.0/css/select2.min.css]
[onceawaken.com/therapist.html]
[onceawaken.com/lms.html]
[onceawaken.com/blog_details.html]
[onceawaken.com/web/assets/img/blog/blog-01.jpg]
[onceawaken.com/doctor-profile.html]
[onceawaken.com/web/assets/img/doctors/doctor-thumb-01.jpg]
[onceawaken.com/web/assets/img/blog/blog-02.jpg]
[onceawaken.com/web/assets/img/doctors/doctor-thumb-02.jpg]
[onceawaken.com/web/assets/img/blog/blog-03.jpg]
[onceawaken.com/web/assets/img/doctors/doctor-thumb-03.jpg]
[onceawaken.com/web/assets/img/blog/blog-04.jpg]
[onceawaken.com/web/assets/img/doctors/doctor-thumb-04.jpg]
[onceawaken.com/web/assets/img/blog/blog-05.jpg]
[onceawaken.com/web/assets/img/doctors/doctor-thumb-05.jpg]
[onceawaken.com/web/assets/img/blog/blog-06.jpg]
[onceawaken.com/web/assets/img/doctors/doctor-thumb-06.jpg]
[onceawaken.com/web/assets/img/blog/blog-07.jpg]
[onceawaken.com/web/assets/img/doctors/doctor-thumb-07.jpg]
[onceawaken.com/web/assets/img/blog/blog-08.jpg]
[onceawaken.com/web/assets/img/doctors/doctor-thumb-08.jpg]
[onceawaken.com/web/assets/img/blog/blog-09.jpg]
[onceawaken.com/web/assets/img/doctors/doctor-thumb-09.jpg]
[onceawaken.com/web/assets/img/blog/blog-10.jpg]
[onceawaken.com/web/assets/img/doctors/doctor-thumb-10.jpg]
[onceawaken.com/web/assets/img/blog/blog-thumb-01.jpg]
[onceawaken.com/web/assets/img/blog/blog-thumb-02.jpg]
[onceawaken.com/web/assets/img/blog/blog-thumb-03.jpg]
[onceawaken.com/web/assets/img/blog/blog-thumb-04.jpg]
[onceawaken.com/web/assets/img/blog/blog-thumb-05.jpg]
[onceawaken.com/blogs.html]
[onceawaken.com/index-2.html]
[onceawaken.com/web/assets/img/icons/vect-01.png]
[onceawaken.com/web/assets/img/icons/vect-02.png]
[onceawaken.com/web/assets/img/icons/vect-03.png]
[onceawaken.com/web/assets/img/features/feature-07.jpg]
[onceawaken.com/web/assets/img/features/feature-09.jpg]
[onceawaken.com/web/assets/img/features/feature-08.jpg]
[onceawaken.com/web/assets/img/features/feature-10.jpg]
[onceawaken.com/web/assets/img/features/feature-11.jpg]
[onceawaken.com/web/assets/img/features/feature-12.jpg]
[onceawaken.com/web/assets/img/specialities/specialities-01.png]
[onceawaken.com/web/assets/img/specialities/specialities-02.png]
[onceawaken.com/web/assets/img/specialities/specialities-03.png]
[onceawaken.com/web/assets/img/specialities/specialities-04.png]
[onceawaken.com/web/assets/img/specialities/specialities-05.png]
[onceawaken.com/about_us.html]
[onceawaken.com/contact_us.html]
[onceawaken.com/therapist/login.html]
[onceawaken.com/login-2.html]
[onceawaken.com/login-option.html]
[onceawaken.com/search.html]
[onceawaken.com/pharmacy-search.html]
[onceawaken.com/web/assets/img/services/features-01.svg]
[onceawaken.com/web/assets/img/services/features-02.svg]
[onceawaken.com/web/assets/img/services/features-03.svg]
[onceawaken.com/web/assets/img/services/features-04.svg]
[onceawaken.com/blog-details.html]
[onceawaken.com/web/assets/img/r.html]
[onceawaken.com/appointments.html]
[onceawaken.com/chat.html]
[onceawaken.com/login.html]
[onceawaken.com/doctor-register.html]
[onceawaken.com/doctor-dashboard.html]
[onceawaken.com/term-condition.html]
[onceawaken.com/privacy-policy.html]
[onceawaken.com/cdn-cgi/scripts/5c5dd728/cloudflare-static/email-decode.min.html]
[onceawaken.com/web/assets/plugins/fontawesome/webfonts/fa-brands-400.html]
[onceawaken.com/web/assets/plugins/fontawesome/webfonts/fa-brands-400.svg]
[onceawaken.com/web/assets/plugins/fontawesome/webfonts/fa-regular-400.html]
[onceawaken.com/web/assets/plugins/fontawesome/webfonts/fa-regular-400.svg]
[onceawaken.com/web/assets/plugins/fontawesome/webfonts/fa-solid-900.html]
[onceawaken.com/web/assets/plugins/fontawesome/webfonts/fa-solid-900.svg]
[onceawaken.com/web/assets/fonts/Feather144f144f.svg]
[onceawaken.com/web/assets/css/owl.video.play.html]
[onceawaken.com/web/assets/fonts/MaterialIcons-Regular.html]
[onceawaken.com/web/assets/img/icons/tick-icon.svg]
[onceawaken.com/web/assets/img/icons/down-arrow-gray.svg]
[onceawaken.com/web/assets/img/icons/down-arrow-gray-dark.svg]
[onceawaken.com/web/assets/img/flag/india.html]
[onceawaken.com/web/assets/img/flag/ng.html]
[onceawaken.com/web/assets/img/flag/gb.html]
[onceawaken.com/web/assets/img/flag/usa.html]
[onceawaken.com/web/assets/img/icons/search-icon.svg]
[onceawaken.com/web/assets/img/patients/patient5.jpg]
[onceawaken.com/web/assets/img/patients/patient6.jpg]
[onceawaken.com/web/assets/img/patients/patient7.jpg]
[onceawaken.com/blog_details.html]
[onceawaken.com/doctor-profile.html]
[onceawaken.com/index-2.html]
[onceawaken.com/therapist/forgot-password.html]
[onceawaken.com/therapist/register.html]
[onceawaken.com/therapist/appointments.html]
[onceawaken.com/therapist/chat.html]
[onceawaken.com/therapist/login-2.html]
[onceawaken.com/therapist/doctor-register.html]
[onceawaken.com/therapist/doctor-dashboard.html]
[onceawaken.com/therapist/term-condition.html]
[onceawaken.com/therapist/privacy-policy.html]
[onceawaken.com/therapist/login.html]
[onceawaken.com/register.html]
[onceawaken.com/login-2.html]
[onceawaken.com/therapist/forgot-password.html]
[onceawaken.com/therapist/register.html]
[onceawaken.com/therapist/appointments.html]
[onceawaken.com/therapist/chat.html]
[onceawaken.com/therapist/login-2.html]
[onceawaken.com/therapist/doctor-register.html]
[onceawaken.com/therapist/doctor-dashboard.html]
[onceawaken.com/therapist/term-condition.html]
[onceawaken.com/therapist/privacy-policy.html]
[onceawaken.com/register.html]
